[0m21:27:28.498620 [debug] [MainThread]: Sending event: {'category': 'dbt', 'action': 'invocation', 'label': 'start', 'context': [<snowplow_tracker.self_describing_json.SelfDescribingJson object at 0x7a148cfc0810>, <snowplow_tracker.self_describing_json.SelfDescribingJson object at 0x7a148cfd1890>, <snowplow_tracker.self_describing_json.SelfDescribingJson object at 0x7a148cffac10>]}


============================== 21:27:28.508043 | 9503fe1b-cdf3-47ed-865a-e3cec4fda569 ==============================
[0m21:27:28.508043 [info ] [MainThread]: Running with dbt=1.10.9
[0m21:27:28.509579 [debug] [MainThread]: running dbt with arguments {'version_check': 'True', 'fail_fast': 'False', 'cache_selected_only': 'False', 'send_anonymous_usage_stats': 'True', 'debug': 'False', 'static_parser': 'True', 'target_path': 'None', 'partial_parse': 'True', 'quiet': 'False', 'profiles_dir': '/home/dsai/.dbt', 'log_path': 'logs', 'use_experimental_parser': 'False', 'invocation_command': 'dbt init resale_flat', 'use_colors': 'True', 'printer_width': '80', 'empty': 'None', 'warn_error_options': 'WarnErrorOptionsV2(error=[], warn=[], silence=[])', 'indirect_selection': 'eager', 'write_json': 'True', 'log_cache_events': 'False', 'introspect': 'True', 'no_print': 'None', 'log_format': 'default', 'warn_error': 'None'}
[0m21:27:28.569912 [debug] [MainThread]: Starter project path: /home/dsai/miniconda3/envs/elt/lib/python3.11/site-packages/dbt/include/starter_project
[0m21:27:28.598603 [info ] [MainThread]: 
Your new dbt project "resale_flat" was created!

For more information on how to configure the profiles.yml file,
please consult the dbt documentation here:

  https://docs.getdbt.com/docs/configure-your-profile

One more thing:

Need help? Don't hesitate to reach out to us via GitHub issues or on Slack:

  https://community.getdbt.com/

Happy modeling!

[0m21:27:28.599631 [info ] [MainThread]: Setting up your profile.
[0m21:32:01.351743 [info ] [MainThread]: Profile resale_flat written to /home/dsai/.dbt/profiles.yml using target's profile_template.yml and your supplied values. Run 'dbt debug' to validate the connection.
[0m21:32:01.359206 [debug] [MainThread]: Resource report: {"command_name": "init", "command_success": true, "command_wall_clock_time": 273.05463, "process_in_blocks": "467384", "process_kernel_time": 23.495882, "process_mem_max_rss": "374572", "process_out_blocks": "80", "process_user_time": 18.637852}
[0m21:32:01.363416 [debug] [MainThread]: Command `dbt init` succeeded at 21:32:01.362881 after 273.06 seconds
[0m21:32:01.365451 [debug] [MainThread]: Sending event: {'category': 'dbt', 'action': 'invocation', 'label': 'end', 'context': [<snowplow_tracker.self_describing_json.SelfDescribingJson object at 0x7a148cf7eb10>, <snowplow_tracker.self_describing_json.SelfDescribingJson object at 0x7a148cf904d0>, <snowplow_tracker.self_describing_json.SelfDescribingJson object at 0x7a14917c3590>]}
[0m21:32:01.367766 [debug] [MainThread]: Flushing usage events
[0m21:32:02.475258 [debug] [MainThread]: An error was encountered while trying to flush usage events
[0m00:27:40.324271 [debug] [MainThread]: Sending event: {'category': 'dbt', 'action': 'invocation', 'label': 'start', 'context': [<snowplow_tracker.self_describing_json.SelfDescribingJson object at 0x7f8aecd08190>, <snowplow_tracker.self_describing_json.SelfDescribingJson object at 0x7f8aecd08590>, <snowplow_tracker.self_describing_json.SelfDescribingJson object at 0x7f8aea0c1150>]}


============================== 00:27:40.352334 | 1c0b4e2e-d2dc-47a5-b8f1-d1ab0179b772 ==============================
[0m00:27:40.352334 [info ] [MainThread]: Running with dbt=1.10.9
[0m00:27:40.353726 [debug] [MainThread]: running dbt with arguments {'target_path': 'None', 'empty': 'None', 'log_cache_events': 'False', 'warn_error': 'None', 'version_check': 'True', 'introspect': 'True', 'write_json': 'True', 'quiet': 'False', 'debug': 'False', 'indirect_selection': 'eager', 'warn_error_options': 'WarnErrorOptionsV2(error=[], warn=[], silence=[])', 'log_format': 'default', 'use_experimental_parser': 'False', 'no_print': 'None', 'printer_width': '80', 'fail_fast': 'False', 'static_parser': 'True', 'log_path': 'logs', 'profiles_dir': '/home/dsai/.dbt', 'cache_selected_only': 'False', 'use_colors': 'True', 'partial_parse': 'True', 'invocation_command': 'dbt init resale_flat', 'send_anonymous_usage_stats': 'True'}
[0m00:27:40.396534 [info ] [MainThread]: A project called resale_flat already exists here.
[0m00:27:40.400620 [debug] [MainThread]: Resource report: {"command_name": "init", "command_success": true, "command_wall_clock_time": 0.22970834, "process_in_blocks": "105152", "process_kernel_time": 1.380104, "process_mem_max_rss": "100480", "process_out_blocks": "16", "process_user_time": 2.906523}
[0m00:27:40.401638 [debug] [MainThread]: Command `dbt init` succeeded at 00:27:40.401418 after 0.23 seconds
[0m00:27:40.402408 [debug] [MainThread]: Sending event: {'category': 'dbt', 'action': 'invocation', 'label': 'end', 'context': [<snowplow_tracker.self_describing_json.SelfDescribingJson object at 0x7f8aea0c03d0>, <snowplow_tracker.self_describing_json.SelfDescribingJson object at 0x7f8aea0bae50>, <snowplow_tracker.self_describing_json.SelfDescribingJson object at 0x7f8aea127ad0>]}
[0m00:27:40.403270 [debug] [MainThread]: Flushing usage events
[0m00:27:41.139312 [debug] [MainThread]: An error was encountered while trying to flush usage events
[0m23:18:11.525556 [debug] [MainThread]: Sending event: {'category': 'dbt', 'action': 'invocation', 'label': 'start', 'context': [<snowplow_tracker.self_describing_json.SelfDescribingJson object at 0x73cda9f93390>, <snowplow_tracker.self_describing_json.SelfDescribingJson object at 0x73cdacdc8590>, <snowplow_tracker.self_describing_json.SelfDescribingJson object at 0x73cda9f9d810>]}


============================== 23:18:11.535915 | 44b2c790-0536-447e-be18-6d1db0823c7a ==============================
[0m23:18:11.535915 [info ] [MainThread]: Running with dbt=1.10.9
[0m23:18:11.537371 [debug] [MainThread]: running dbt with arguments {'fail_fast': 'False', 'printer_width': '80', 'target_path': 'None', 'log_cache_events': 'False', 'version_check': 'True', 'static_parser': 'True', 'send_anonymous_usage_stats': 'True', 'write_json': 'True', 'invocation_command': 'dbt init resale_flat', 'empty': 'None', 'warn_error': 'None', 'partial_parse': 'True', 'log_format': 'default', 'no_print': 'None', 'quiet': 'False', 'indirect_selection': 'eager', 'debug': 'False', 'use_experimental_parser': 'False', 'use_colors': 'True', 'log_path': 'logs', 'warn_error_options': 'WarnErrorOptionsV2(error=[], warn=[], silence=[])', 'profiles_dir': '/home/dsai/.dbt', 'cache_selected_only': 'False', 'introspect': 'True'}
[0m23:18:11.589746 [info ] [MainThread]: A project called resale_flat already exists here.
[0m23:18:11.594586 [debug] [MainThread]: Resource report: {"command_name": "init", "command_success": true, "command_wall_clock_time": 0.27301446, "process_in_blocks": "129488", "process_kernel_time": 1.598217, "process_mem_max_rss": "99760", "process_out_blocks": "8", "process_user_time": 3.711728}
[0m23:18:11.596149 [debug] [MainThread]: Command `dbt init` succeeded at 23:18:11.595810 after 0.28 seconds
[0m23:18:11.597627 [debug] [MainThread]: Sending event: {'category': 'dbt', 'action': 'invocation', 'label': 'end', 'context': [<snowplow_tracker.self_describing_json.SelfDescribingJson object at 0x73cda9fa4410>, <snowplow_tracker.self_describing_json.SelfDescribingJson object at 0x73cda9fe5bd0>, <snowplow_tracker.self_describing_json.SelfDescribingJson object at 0x73cdae8442d0>]}
[0m23:18:11.598885 [debug] [MainThread]: Flushing usage events
[0m23:18:12.623877 [debug] [MainThread]: An error was encountered while trying to flush usage events
{"data":{"log_version":3,"version":"=2.0.0-preview.177"},"info":{"category":"","code":"A001","extra":{},"invocation_id":"019e740c-6b87-73e0-a2c2-f923c8b4c35b","level":"info","msg":"Running with dbt-fusion=2.0.0-preview.177","name":"MainReportVersion","pid":1672,"thread":"tokio-rt-worker","ts":"2026-05-29T14:03:51.629279Z"}}
{"data":{"args":{"debug":"false","invocation_command":"/home/dsai/.local/bin/dbt license info --json --log-format json","log_format":"json","quiet":"false","write_json":"true"}},"info":{"category":"","code":"A002","extra":{},"invocation_id":"019e740c-6b87-73e0-a2c2-f923c8b4c35b","level":"debug","msg":"running dbt-fusion with arguments {\"command\":\"license\",\"vars\":\"{}\",\"limit\":\"10\",\"debug\":false,\"log_format\":\"json\",\"quiet\":false,\"write_json\":true,\"write_catalog\":false}","name":"MainReportArgs","pid":1672,"thread":"tokio-rt-worker","ts":"2026-05-29T14:03:51.629394Z"}}
{"data":{},"info":{"category":"","code":"","extra":{},"invocation_id":"019e740c-6b87-73e0-a2c2-f923c8b4c35b","level":"debug","msg":"No active cloud project configured, skipping remote license","name":"Generic","pid":1672,"thread":"tokio-rt-worker","ts":"2026-05-29T14:03:51.646063Z"}}
{"data":{"columns":[],"is_inline":true,"node_name":"license_info","output_format":"json","preview":"{\n  \"status\": \"not_found\",\n  \"licensing_enabled\": true\n}","unique_id":"license.info"},"info":{"category":"","code":"Q041","extra":{},"invocation_id":"019e740c-6b87-73e0-a2c2-f923c8b4c35b","level":"info","msg":"{\n  \"status\": \"not_found\",\n  \"licensing_enabled\": true\n}","name":"ShowNode","pid":1672,"thread":"tokio-rt-worker","ts":"2026-05-29T14:03:51.647734Z"}}
{"data":{"completed_at":"2026-05-29T14:03:52.390481Z","elapsed":0.7670152187347412,"success":true},"info":{"category":"","code":"Q039","extra":{},"invocation_id":"019e740c-6b87-73e0-a2c2-f923c8b4c35b","level":"info","msg":"\n==================== Execution Summary =====================\nFinished 'license' successfully [767ms]","name":"CommandCompleted","pid":1672,"thread":"tokio-rt-worker","ts":"2026-05-29T14:03:52.399647Z"}}
{"data":{"log_version":3,"version":"=2.0.0-preview.177"},"info":{"category":"","code":"A001","extra":{},"invocation_id":"019e74a0-8593-7b93-9d9b-17dd68f78dde","level":"info","msg":"Running with dbt-fusion=2.0.0-preview.177","name":"MainReportVersion","pid":20051,"thread":"tokio-rt-worker","ts":"2026-05-29T16:45:37.575916Z"}}
{"data":{"args":{"debug":"false","invocation_command":"/home/dsai/.local/bin/dbt license info --json --log-format json","log_format":"json","quiet":"false","write_json":"true"}},"info":{"category":"","code":"A002","extra":{},"invocation_id":"019e74a0-8593-7b93-9d9b-17dd68f78dde","level":"debug","msg":"running dbt-fusion with arguments {\"command\":\"license\",\"vars\":\"{}\",\"limit\":\"10\",\"debug\":false,\"log_format\":\"json\",\"quiet\":false,\"write_json\":true,\"write_catalog\":false}","name":"MainReportArgs","pid":20051,"thread":"tokio-rt-worker","ts":"2026-05-29T16:45:37.576030Z"}}
{"data":{},"info":{"category":"","code":"","extra":{},"invocation_id":"019e74a0-8593-7b93-9d9b-17dd68f78dde","level":"debug","msg":"No active cloud project configured, skipping remote license","name":"Generic","pid":20051,"thread":"tokio-rt-worker","ts":"2026-05-29T16:45:37.586792Z"}}
{"data":{"columns":[],"is_inline":true,"node_name":"license_info","output_format":"json","preview":"{\n  \"status\": \"not_found\",\n  \"licensing_enabled\": true\n}","unique_id":"license.info"},"info":{"category":"","code":"Q041","extra":{},"invocation_id":"019e74a0-8593-7b93-9d9b-17dd68f78dde","level":"info","msg":"{\n  \"status\": \"not_found\",\n  \"licensing_enabled\": true\n}","name":"ShowNode","pid":20051,"thread":"tokio-rt-worker","ts":"2026-05-29T16:45:37.588660Z"}}
{"data":{"completed_at":"2026-05-29T16:45:58.041645Z","elapsed":20.467546463012695,"success":true},"info":{"category":"","code":"Q039","extra":{},"invocation_id":"019e74a0-8593-7b93-9d9b-17dd68f78dde","level":"info","msg":"\n==================== Execution Summary =====================\nFinished 'license' successfully [20.5s]","name":"CommandCompleted","pid":20051,"thread":"tokio-rt-worker","ts":"2026-05-29T16:45:58.045469Z"}}
